# serializer version: 1
# name: TestSparkUIGolden.test_snapshot_match
  dict({
    'by_sql_id': dict({
      'sql_001': dict({
        'io': dict({
          'disk_spilled_mb': 5.0,
          'input_mb': 5872.5,
          'memory_spilled_mb': 10.0,
          'output_mb': 4600.0,
          'remote_read_mb': 1068.0,
          'shuffle_written_mb': 2286.25,
        }),
        'job_count': 2,
        'job_ids': list([
          1,
          2,
        ]),
        'long_stages': list([
          dict({
            'duration_s': 1200.0,
            'input_mb': 1024.5,
            'num_tasks': 50,
            'remote_read_mb': 256.0,
            'shuffle_written_mb': 512.25,
            'stage_id': 1,
            'stage_name': 'Exchange',
          }),
          dict({
            'duration_s': 2100.0,
            'input_mb': 2048.0,
            'num_tasks': 75,
            'remote_read_mb': 512.0,
            'shuffle_written_mb': 1024.0,
            'stage_id': 2,
            'stage_name': 'Aggregate',
          }),
          dict({
            'duration_s': 1500.0,
            'input_mb': 500.0,
            'num_tasks': 25,
            'remote_read_mb': 0.0,
            'shuffle_written_mb': 0.0,
            'stage_id': 3,
            'stage_name': 'FileScan',
          }),
          dict({
            'duration_s': 1800.0,
            'input_mb': 1500.0,
            'num_tasks': 40,
            'remote_read_mb': 300.0,
            'shuffle_written_mb': 750.0,
            'stage_id': 4,
            'stage_name': 'Project',
          }),
          dict({
            'duration_s': 1200.0,
            'input_mb': 800.0,
            'num_tasks': 20,
            'remote_read_mb': 0.0,
            'shuffle_written_mb': 0.0,
            'stage_id': 5,
            'stage_name': 'Filter',
          }),
        ]),
        'sql_id': 'sql_001',
        'total_job_duration_s': 8642.0,
        'total_stages': 5,
      }),
      'sql_002': dict({
        'io': dict({
          'disk_spilled_mb': 10.0,
          'input_mb': 10096.0,
          'memory_spilled_mb': 20.0,
          'output_mb': 8200.0,
          'remote_read_mb': 1774.0,
          'shuffle_written_mb': 3548.0,
        }),
        'job_count': 1,
        'job_ids': list([
          3,
        ]),
        'long_stages': list([
          dict({
            'duration_s': 3500.0,
            'input_mb': 4096.0,
            'num_tasks': 150,
            'remote_read_mb': 1024.0,
            'shuffle_written_mb': 2048.0,
            'stage_id': 6,
            'stage_name': 'HashAggregate',
          }),
          dict({
            'duration_s': 2800.0,
            'input_mb': 3000.0,
            'num_tasks': 100,
            'remote_read_mb': 750.0,
            'shuffle_written_mb': 1500.0,
            'stage_id': 7,
            'stage_name': 'Exchange',
          }),
          dict({
            'duration_s': 1500.0,
            'input_mb': 2000.0,
            'num_tasks': 50,
            'remote_read_mb': 0.0,
            'shuffle_written_mb': 0.0,
            'stage_id': 8,
            'stage_name': 'Sort',
          }),
          dict({
            'duration_s': 900.0,
            'input_mb': 1000.0,
            'num_tasks': 25,
            'remote_read_mb': 0.0,
            'shuffle_written_mb': 0.0,
            'stage_id': 9,
            'stage_name': 'FileScan',
          }),
        ]),
        'sql_id': 'sql_002',
        'total_job_duration_s': 8765.0,
        'total_stages': 4,
      }),
    }),
    'summary': dict({
      'distinct_sql_ids': list([
        'sql_001',
        'sql_002',
      ]),
      'total_jobs': 3,
      'total_stages': 9,
    }),
    'top_heaviest_stages': list([
      dict({
        'duration_s': 3500.0,
        'input_mb': 4096.0,
        'num_tasks': 150,
        'query_id': 'sql_002',
        'remote_read_mb': 1024.0,
        'shuffle_written_mb': 2048.0,
        'stage_id': 6,
        'stage_name': 'HashAggregate',
      }),
      dict({
        'duration_s': 2800.0,
        'input_mb': 3000.0,
        'num_tasks': 100,
        'query_id': 'sql_002',
        'remote_read_mb': 750.0,
        'shuffle_written_mb': 1500.0,
        'stage_id': 7,
        'stage_name': 'Exchange',
      }),
      dict({
        'duration_s': 2100.0,
        'input_mb': 2048.0,
        'num_tasks': 75,
        'query_id': 'sql_001',
        'remote_read_mb': 512.0,
        'shuffle_written_mb': 1024.0,
        'stage_id': 2,
        'stage_name': 'Aggregate',
      }),
      dict({
        'duration_s': 1800.0,
        'input_mb': 1500.0,
        'num_tasks': 40,
        'query_id': 'sql_001',
        'remote_read_mb': 300.0,
        'shuffle_written_mb': 750.0,
        'stage_id': 4,
        'stage_name': 'Project',
      }),
      dict({
        'duration_s': 1500.0,
        'input_mb': 500.0,
        'num_tasks': 25,
        'query_id': 'sql_001',
        'remote_read_mb': 0.0,
        'shuffle_written_mb': 0.0,
        'stage_id': 3,
        'stage_name': 'FileScan',
      }),
    ]),
    'top_slowest_jobs': list([
      dict({
        'duration_s': 8765.0,
        'job_id': 3,
        'sql_id': 'sql_002',
        'stage_ids': list([
          6,
          7,
          8,
          9,
        ]),
      }),
      dict({
        'duration_s': 5432.0,
        'job_id': 1,
        'sql_id': 'sql_001',
        'stage_ids': list([
          1,
          2,
          3,
        ]),
      }),
      dict({
        'duration_s': 3210.0,
        'job_id': 2,
        'sql_id': 'sql_001',
        'stage_ids': list([
          4,
          5,
        ]),
      }),
    ]),
  })
# ---
